RAM Allocation [bytes]
Variable                                                                          Address   Size
------------------------------------------------------------------------------------------------
glcd_state                                                                        0x054A      29
keypad                                                                            0x0567      18
what                                                                              0x0579      16
order                                                                             0x0589       9
gfx_addr                                                                          0x0592       2
gfx_buffer                                                                        0x0594     504
_base_y                                                                           0x078C       4
_lcd_y                                                                            0x0790       1
_lcd_maxx                                                                         0x0791       1
_seed                                                                             0x0792       4

EEPROM Allocation [bytes]
Variable                                                                          Address   Size
------------------------------------------------------------------------------------------------

Register Allocation
Variable                                                                          Register  Size
------------------------------------------------------------------------------------------------
dem                                                                               R4,R5        2
vi_tri                                                                            R6,R7        2
i                                                                                 R8,R9        2
len                                                                               R11          1
currentLevel                                                                      R12,R13      2
_lcd_x                                                                            R10          1

FLASH Allocation [words]
Function                                                                          Address   Size
------------------------------------------------------------------------------------------------
init_register                                                                     0x001BC      9
read                                                                              0x001C5     63
init_glcd                                                                         0x00204     30
init_lcd                                                                          0x00222      6
adjustSpeed                                                                       0x00228      8
quay_nguoc_DC                                                                     0x00230      2
quay_DC                                                                           0x00232      4
dung_DC                                                                           0x00236      5
init_timer                                                                        0x0023B     24
timer1_ovf_isr                                                                    0x00253     69
thang_may                                                                         0x00298    154
main                                                                              0x00332     27
pcd8544_delay_G100                                                                0x0034D      1
pcd8544_wrbus_G100                                                                0x0034E     46
pcd8544_wrcmd                                                                     0x0037C     10
pcd8544_wrdata_G100                                                               0x00386     10
pcd8544_setaddr_G100                                                              0x00390     23
pcd8544_gotoxy                                                                    0x003A7     14
pcd8544_rdbyte                                                                    0x003B5     14
pcd8544_wrbyte                                                                    0x003C3      8
glcd_init                                                                         0x003CB    156
glcd_display                                                                      0x00467     11
glcd_clear                                                                        0x00472     30
pcd8544_wrmasked_G100                                                             0x00490     57
glcd_block                                                                        0x004C9    481
glcd_clipx                                                                        0x006AA     21
glcd_clipy                                                                        0x006BF     19
glcd_getcharw_G101                                                                0x006D2    111
glcd_new_line_G101                                                                0x00741     20
glcd_putchar                                                                      0x00755     98
glcd_outtextxy                                                                    0x007B7     16
glcd_moveto                                                                       0x007C7     13
_lcd_write_nibble_G103                                                            0x007D4     37
_lcd_write_data                                                                   0x007F9     12
lcd_gotoxy                                                                        0x00805     15
lcd_clear                                                                         0x00814     13
lcd_putchar                                                                       0x00821     26
lcd_puts                                                                          0x0083B     12
lcd_init                                                                          0x00847     48
itoa                                                                              0x00877     46
memset                                                                            0x008A5     16
glcd_getmask                                                                      0x008B5     11
glcd_mappixcolor1bit                                                              0x008C0     40
glcd_readmem                                                                      0x008E8     31
glcd_writemem                                                                     0x00907     31
