RAM Allocation [bytes]
Variable                                                                          Address   Size
------------------------------------------------------------------------------------------------
glcd_state                                                                        0x0521      29
keypad                                                                            0x053E      18
what                                                                              0x0550      16
order                                                                             0x0560       9
gfx_addr                                                                          0x0569       2
gfx_buffer                                                                        0x056B     504
_base_y                                                                           0x0763       4
_lcd_y                                                                            0x0767       1
_lcd_maxx                                                                         0x0768       1
_seed                                                                             0x0769       4

EEPROM Allocation [bytes]
Variable                                                                          Address   Size
------------------------------------------------------------------------------------------------

Register Allocation
Variable                                                                          Register  Size
------------------------------------------------------------------------------------------------
dem                                                                               R4,R5        2
vi_tri                                                                            R6,R7        2
i                                                                                 R8,R9        2
len                                                                               R11          1
currentLevel                                                                      R12,R13      2
_lcd_x                                                                            R10          1

FLASH Allocation [words]
Function                                                                          Address   Size
------------------------------------------------------------------------------------------------
init_register                                                                     0x001A4      9
read                                                                              0x001AD     62
init_glcd                                                                         0x001EB     30
init_lcd                                                                          0x00209      6
adjustSpeed                                                                       0x0020F      8
quay_nguoc_DC                                                                     0x00217      2
quay_DC                                                                           0x00219      4
dung_DC                                                                           0x0021D      5
init_timer                                                                        0x00222     24
timer1_ovf_isr                                                                    0x0023A     69
hienThi                                                                           0x0027F    137
thang_may                                                                         0x00308    132
main                                                                              0x0038C     32
pcd8544_delay_G100                                                                0x003AC      1
pcd8544_wrbus_G100                                                                0x003AD     46
pcd8544_wrcmd                                                                     0x003DB     10
pcd8544_wrdata_G100                                                               0x003E5     10
pcd8544_setaddr_G100                                                              0x003EF     23
pcd8544_gotoxy                                                                    0x00406     14
pcd8544_rdbyte                                                                    0x00414     14
pcd8544_wrbyte                                                                    0x00422      8
glcd_init                                                                         0x0042A    156
glcd_display                                                                      0x004C6     11
glcd_clear                                                                        0x004D1     30
pcd8544_wrmasked_G100                                                             0x004EF     57
glcd_block                                                                        0x00528    481
glcd_clipx                                                                        0x00709     21
glcd_clipy                                                                        0x0071E     19
glcd_getcharw_G101                                                                0x00731    111
glcd_new_line_G101                                                                0x007A0     20
glcd_putchar                                                                      0x007B4     98
glcd_outtextxy                                                                    0x00816     21
glcd_moveto                                                                       0x0082B     13
_lcd_write_nibble_G103                                                            0x00838     37
_lcd_write_data                                                                   0x0085D     12
lcd_gotoxy                                                                        0x00869     15
lcd_clear                                                                         0x00878     13
lcd_init                                                                          0x00885     48
itoa                                                                              0x008B5     46
memset                                                                            0x008E3     16
glcd_getmask                                                                      0x008F3     11
glcd_mappixcolor1bit                                                              0x008FE     40
glcd_readmem                                                                      0x00926     31
glcd_writemem                                                                     0x00945     31
