RAM Allocation [bytes]
Variable                                                                          Address   Size
------------------------------------------------------------------------------------------------
glcd_state                                                                        0x054D      29
keypad                                                                            0x056A      18
tmp                                                                               0x057C      10
gfx_addr                                                                          0x0586       2
gfx_buffer                                                                        0x0588     504
_seed                                                                             0x0780       4

EEPROM Allocation [bytes]
Variable                                                                          Address   Size
------------------------------------------------------------------------------------------------
my_eeprom                                                                         0x0000       2

Register Allocation
Variable                                                                          Register  Size
------------------------------------------------------------------------------------------------
miss                                                                              R4,R5        2
counter                                                                           R6,R7        2
dem_sai                                                                           R8,R9        2

FLASH Allocation [words]
Function                                                                          Address   Size
------------------------------------------------------------------------------------------------
timer0_ovf_isr                                                                    0x001C0     43
read                                                                              0x001EB     62
mainScreen                                                                        0x00229     22
mainScreen2                                                                       0x0023F     22
mainScreen3                                                                       0x00255     30
exe                                                                               0x00273    160
main                                                                              0x00313     97
pcd8544_delay_G100                                                                0x00374      1
pcd8544_wrbus_G100                                                                0x00375     46
pcd8544_wrcmd                                                                     0x003A3      9
pcd8544_wrdata_G100                                                               0x003AC      9
pcd8544_setaddr_G100                                                              0x003B5     23
pcd8544_gotoxy                                                                    0x003CC     14
pcd8544_rdbyte                                                                    0x003DA     14
pcd8544_wrbyte                                                                    0x003E8      7
glcd_init                                                                         0x003EF    156
glcd_display                                                                      0x0048B     11
glcd_clear                                                                        0x00496     30
pcd8544_wrmasked_G100                                                             0x004B4     57
glcd_block                                                                        0x004ED    481
glcd_clipx                                                                        0x006CE     21
glcd_clipy                                                                        0x006E3     19
glcd_getcharw_G101                                                                0x006F6    111
glcd_new_line_G101                                                                0x00765     20
glcd_putchar                                                                      0x00779     98
glcd_outtextxy                                                                    0x007DB     21
glcd_moveto                                                                       0x007F0     13
itoa                                                                              0x007FD     46
memset                                                                            0x0082B     16
glcd_getmask                                                                      0x0083B     11
glcd_mappixcolor1bit                                                              0x00846     40
glcd_readmem                                                                      0x0086E     31
glcd_writemem                                                                     0x0088D     31
